(eval):1: too many levels of symbolic links: ./node_modules/.bin/vitest
